
[3979687] signal 15: Terminated
in expression starting at /data/home/wac35960/gp_orange_challenge/scripts/solve_instance.jl:179
unknown function (ip: 0x7d40b6e910d5) at /lib/x86_64-linux-gnu/libc.so.6
pthread_cond_wait at /lib/x86_64-linux-gnu/libc.so.6 (unknown line)
uv_cond_wait at /workspace/srcdir/libuv/src/unix/thread.c:822
ijl_task_get_next at /cache/build/builder-amdci5-2/julialang/julia-ci/src/scheduler.c:523
poptask at ./task.jl:1216
wait at ./task.jl:1228
#wait#406 at ./condition.jl:141
wait at ./condition.jl:136 [inlined]
_trywait at ./asyncevent.jl:185
profile_printing_listener at ./Base.jl:332
#start_profile_listener##0 at ./Base.jl:352
jfptr_YY.start_profile_listenerYY.YY.0_2956.1 at /data/home/wac35960/.julia/juliaup/julia-1.12.7+0.x64.linux.gnu/lib/julia/sys.so (unknown line)
jl_apply at /cache/build/builder-amdci5-2/julialang/julia-ci/src/julia.h:2394 [inlined]
start_task at /cache/build/builder-amdci5-2/julialang/julia-ci/src/task.c:1253
unknown function (ip: (nil)) at (unknown file)
gc_try_claim_and_push at /cache/build/builder-amdci5-2/julialang/julia-ci/src/gc-stock.c:1689 [inlined]
gc_mark_objarray at /cache/build/builder-amdci5-2/julialang/julia-ci/src/gc-stock.c:1842
gc_mark_chunk at /cache/build/builder-amdci5-2/julialang/julia-ci/src/gc-stock.c:2021 [inlined]
gc_drain_own_chunkqueue at /cache/build/builder-amdci5-2/julialang/julia-ci/src/gc-stock.c:2535
gc_mark_loop at /cache/build/builder-amdci5-2/julialang/julia-ci/src/gc-stock.c:2735 [inlined]
_jl_gc_collect at /cache/build/builder-amdci5-2/julialang/julia-ci/src/gc-stock.c:3079
ijl_gc_collect at /cache/build/builder-amdci5-2/julialang/julia-ci/src/gc-stock.c:3480
maybe_collect at /cache/build/builder-amdci5-2/julialang/julia-ci/src/gc-stock.c:351 [inlined]
jl_gc_small_alloc_inner at /cache/build/builder-amdci5-2/julialang/julia-ci/src/gc-stock.c:727 [inlined]
ijl_gc_small_alloc at /cache/build/builder-amdci5-2/julialang/julia-ci/src/gc-stock.c:776
add_variable at /data/home/wac35960/.julia/packages/JuMP/Y8Mtc/src/variables.jl:2223
macro expansion at /data/home/wac35960/.julia/packages/JuMP/Y8Mtc/src/macros/@variable.jl:335 [inlined]
#7 at /data/home/wac35960/.julia/packages/JuMP/Y8Mtc/src/Containers/macro.jl:604 [inlined]
#container##8 at /data/home/wac35960/.julia/packages/JuMP/Y8Mtc/src/Containers/container.jl:158
unknown function (ip: 0x7d409cf51431) at (unknown file)
iterate at ./generator.jl:48 [inlined]
grow_to! at ./abstractdict.jl:633
unknown function (ip: 0x7d409cf58a5d) at (unknown file)
grow_to! at ./abstractdict.jl:610
dict_with_eltype at ./abstractdict.jl:649
NoDuplicateDict at /data/home/wac35960/.julia/packages/JuMP/Y8Mtc/src/Containers/no_duplicate_dict.jl:56 [inlined]
container at /data/home/wac35960/.julia/packages/JuMP/Y8Mtc/src/Containers/container.jl:161
container at /data/home/wac35960/.julia/packages/JuMP/Y8Mtc/src/Containers/container.jl:75 [inlined]
macro expansion at /data/home/wac35960/.julia/packages/JuMP/Y8Mtc/src/macros.jl:414 [inlined]
#get_solution_by_graph#1 at /data/home/wac35960/gp_orange_challenge/source/Model.jl:31
get_solution_by_graph at /data/home/wac35960/gp_orange_challenge/source/Model.jl:19 [inlined]
#get_experimentRow_from_instance#1 at /data/home/wac35960/gp_orange_challenge/scripts/solve_instance.jl:105
get_experimentRow_from_instance at /data/home/wac35960/gp_orange_challenge/scripts/solve_instance.jl:99 [inlined]
main at /data/home/wac35960/gp_orange_challenge/scripts/solve_instance.jl:154
unknown function (ip: 0x7d409cf2654f) at (unknown file)
jl_apply at /cache/build/builder-amdci5-2/julialang/julia-ci/src/julia.h:2394 [inlined]
do_call at /cache/build/builder-amdci5-2/julialang/julia-ci/src/interpreter.c:123
eval_value at /cache/build/builder-amdci5-2/julialang/julia-ci/src/interpreter.c:243
eval_stmt_value at /cache/build/builder-amdci5-2/julialang/julia-ci/src/interpreter.c:194 [inlined]
eval_body at /cache/build/builder-amdci5-2/julialang/julia-ci/src/interpreter.c:707
eval_body at /cache/build/builder-amdci5-2/julialang/julia-ci/src/interpreter.c:558
jl_interpret_toplevel_thunk at /cache/build/builder-amdci5-2/julialang/julia-ci/src/interpreter.c:898
jl_toplevel_eval_flex at /cache/build/builder-amdci5-2/julialang/julia-ci/src/toplevel.c:1035
jl_toplevel_eval_flex at /cache/build/builder-amdci5-2/julialang/julia-ci/src/toplevel.c:975
ijl_toplevel_eval at /cache/build/builder-amdci5-2/julialang/julia-ci/src/toplevel.c:1047
ijl_toplevel_eval_in at /cache/build/builder-amdci5-2/julialang/julia-ci/src/toplevel.c:1092
eval at ./boot.jl:489
include_string at ./loading.jl:2952
_include at ./loading.jl:3012
include at ./Base.jl:306
exec_options at ./client.jl:317
_start at ./client.jl:550
jfptr__start_65616.1 at /data/home/wac35960/.julia/juliaup/julia-1.12.7+0.x64.linux.gnu/lib/julia/sys.so (unknown line)
jl_apply at /cache/build/builder-amdci5-2/julialang/julia-ci/src/julia.h:2394 [inlined]
true_main at /cache/build/builder-amdci5-2/julialang/julia-ci/src/jlapi.c:985
jl_repl_entrypoint at /cache/build/builder-amdci5-2/julialang/julia-ci/src/jlapi.c:1153
main at /cache/build/builder-amdci5-2/julialang/julia-ci/cli/loader_exe.c:58
unknown function (ip: 0x7d40b6e29d8f) at /lib/x86_64-linux-gnu/libc.so.6
__libc_start_main at /lib/x86_64-linux-gnu/libc.so.6 (unknown line)
unknown function (ip: 0x4010b8) at /workspace/srcdir/glibc-2.17/csu/../sysdeps/x86_64/start.S
unknown function (ip: (nil)) at (unknown file)
Allocations: 12714054200 (Pool: 12714053824; Big: 376); GC: 424
