┌ Warning: multigraph=true is not supported (uses SimpleGraph/SimpleDiGraph).
└ @ Main.Graph ~/gp_orange_challenge/source/Graph.jl:84
┌ Error: solve failed for instance
│   args.instanceName = "setA-06"
│   exception =
│    Invalid network JSON: /data/home/wac35960/gp_orange_challenge/data/setA-06-net.json
│    Stacktrace:
│     [1] error(s::String)
│       @ Base ./error.jl:44
│     [2] get_graph_from_instance(dataDir::String, instanceName::String)
│       @ Main ~/gp_orange_challenge/scripts/solve_instance.jl:78
│     [3] get_experimentRow_from_instance(dataDir::String, instanceName::String; timeLimitSec::Int64)
│       @ Main ~/gp_orange_challenge/scripts/solve_instance.jl:100
│     [4] get_experimentRow_from_instance
│       @ ~/gp_orange_challenge/scripts/solve_instance.jl:99 [inlined]
│     [5] main()
│       @ Main ~/gp_orange_challenge/scripts/solve_instance.jl:154
│     [6] top-level scope
│       @ ~/gp_orange_challenge/scripts/solve_instance.jl:180
│     [7] include(mod::Module, _path::String)
│       @ Base ./Base.jl:306
│     [8] exec_options(opts::Base.JLOptions)
│       @ Base ./client.jl:317
│     [9] _start()
│       @ Base ./client.jl:550
└ @ Main ~/gp_orange_challenge/scripts/solve_instance.jl:158
setA-06: error mlu=Inf cpu=0.0s -> /data/home/wac35960/gp_orange_challenge/runs/20260825-143656/results/setA-06.json
